1, minecraft:swamp_hut, HEADING, header:ignore, 0, 0, 0
2, minecraft:swamp_hut, MONSTER, minecraft:witch, 1, 1, 1
3, minecraft:swamp_hut, CREATURE, minecraft:cat, 1, 1, 1
4, minecraft:pillager_outpost, HEADING, header:ignore, 0, 0, 0
5, minecraft:pillager_outpost, MONSTER, minecraft:pillager, 1, 1, 1
6, minecraft:monument, HEADING, header:ignore, 0, 0, 0
7, minecraft:monument, MONSTER, minecraft:guardian, 1, 2, 4
8, minecraft:fortress, HEADING, header:ignore, 0, 0, 0
9, minecraft:fortress, MONSTER, minecraft:blaze, 10, 2, 3
10, minecraft:fortress, MONSTER, minecraft:zombified_piglin, 5, 4, 4
11, minecraft:fortress, MONSTER, minecraft:wither_skeleton, 8, 5, 5
12, minecraft:fortress, MONSTER, minecraft:skeleton, 2, 5, 5
13, minecraft:fortress, MONSTER, minecraft:magma_cube, 3, 4, 4
14, minecraft:mineshaft, HEADING, header:ignore, 0, 0, 0
15, minecraft:mansion, HEADING, header:ignore, 0, 0, 0
16, minecraft:jungle_pyramid, HEADING, header:ignore, 0, 0, 0
17, minecraft:desert_pyramid, HEADING, header:ignore, 0, 0, 0
18, minecraft:igloo, HEADING, header:ignore, 0, 0, 0
19, minecraft:ruined_portal, HEADING, header:ignore, 0, 0, 0
20, minecraft:shipwreck, HEADING, header:ignore, 0, 0, 0
21, minecraft:stronghold, HEADING, header:ignore, 0, 0, 0
22, minecraft:ocean_ruin, HEADING, header:ignore, 0, 0, 0
23, minecraft:endcity, HEADING, header:ignore, 0, 0, 0
24, minecraft:endcity, MONSTER, alexsmobs:mimicube, 40, 1, 3
25, minecraft:buried_treasure, HEADING, header:ignore, 0, 0, 0
26, minecraft:village, HEADING, header:ignore, 0, 0, 0
27, minecraft:nether_fossil, HEADING, header:ignore, 0, 0, 0
28, minecraft:nether_fossil, MONSTER, alexsmobs:soul_vulture, 30, 2, 3
29, minecraft:bastion_remnant, HEADING, header:ignore, 0, 0, 0
30, betterdungeons:small_dungeon, HEADING, header:ignore, 0, 0, 0
31, betterdungeons:spider_dungeon, HEADING, header:ignore, 0, 0, 0
32, betterdungeons:spider_dungeon, MONSTER, minecraft:spider, 100, 4, 15
33, betterdungeons:spider_dungeon, MONSTER, minecraft:cave_spider, 50, 4, 8
34, betterdungeons:skeleton_dungeon, HEADING, header:ignore, 0, 0, 0
35, betterdungeons:skeleton_dungeon, MONSTER, minecraft:skeleton, 100, 4, 15
36, betterdungeons:zombie_dungeon, HEADING, header:ignore, 0, 0, 0
37, betterdungeons:zombie_dungeon, MONSTER, minecraft:zombie, 100, 4, 15
38, supplementaries:way_sign, HEADING, header:ignore, 0, 0, 0
39, castle_in_the_sky:castle_in_the_sky, HEADING, header:ignore, 0, 0, 0
40, castle_in_the_sky:castle_in_the_sky, MONSTER, minecraft:zombie, 1, 1, 1
41, repurposed_structures:mineshaft_birch, HEADING, header:ignore, 0, 0, 0
42, repurposed_structures:mineshaft_dark_forest, HEADING, header:ignore, 0, 0, 0
43, repurposed_structures:mineshaft_desert, HEADING, header:ignore, 0, 0, 0
44, repurposed_structures:mineshaft_icy, HEADING, header:ignore, 0, 0, 0
45, repurposed_structures:mineshaft_jungle, HEADING, header:ignore, 0, 0, 0
46, repurposed_structures:mineshaft_ocean, HEADING, header:ignore, 0, 0, 0
47, repurposed_structures:mineshaft_savanna, HEADING, header:ignore, 0, 0, 0
48, repurposed_structures:mineshaft_stone, HEADING, header:ignore, 0, 0, 0
49, repurposed_structures:mineshaft_swamp, HEADING, header:ignore, 0, 0, 0
50, repurposed_structures:mineshaft_taiga, HEADING, header:ignore, 0, 0, 0
51, repurposed_structures:mineshaft_nether, HEADING, header:ignore, 0, 0, 0
52, repurposed_structures:mineshaft_crimson, HEADING, header:ignore, 0, 0, 0
53, repurposed_structures:mineshaft_warped, HEADING, header:ignore, 0, 0, 0
54, repurposed_structures:mineshaft_end, HEADING, header:ignore, 0, 0, 0
55, repurposed_structures:stronghold_nether, HEADING, header:ignore, 0, 0, 0
56, repurposed_structures:stronghold_nether, MONSTER, minecraft:blaze, 10, 2, 3
57, repurposed_structures:stronghold_nether, MONSTER, minecraft:zombified_piglin, 3, 4, 4
58, repurposed_structures:stronghold_nether, MONSTER, minecraft:wither_skeleton, 10, 5, 5
59, repurposed_structures:stronghold_nether, MONSTER, minecraft:skeleton, 2, 5, 5
60, repurposed_structures:stronghold_nether, MONSTER, minecraft:magma_cube, 3, 4, 4
61, repurposed_structures:stronghold_end, HEADING, header:ignore, 0, 0, 0
62, repurposed_structures:fortress_jungle, HEADING, header:ignore, 0, 0, 0
63, repurposed_structures:igloo_grassy, HEADING, header:ignore, 0, 0, 0
64, repurposed_structures:igloo_stone, HEADING, header:ignore, 0, 0, 0
65, repurposed_structures:temple_nether_wasteland, HEADING, header:ignore, 0, 0, 0
66, repurposed_structures:temple_nether_basalt, HEADING, header:ignore, 0, 0, 0
67, repurposed_structures:temple_nether_warped, HEADING, header:ignore, 0, 0, 0
68, repurposed_structures:temple_nether_crimson, HEADING, header:ignore, 0, 0, 0
69, repurposed_structures:temple_nether_soul, HEADING, header:ignore, 0, 0, 0
70, repurposed_structures:outpost_birch, HEADING, header:ignore, 0, 0, 0
71, repurposed_structures:outpost_birch, MONSTER, minecraft:pillager, 1, 1, 1
72, repurposed_structures:outpost_jungle, HEADING, header:ignore, 0, 0, 0
73, repurposed_structures:outpost_jungle, MONSTER, minecraft:pillager, 10, 1, 1
74, repurposed_structures:outpost_giant_tree_taiga, HEADING, header:ignore, 0, 0, 0
75, repurposed_structures:outpost_giant_tree_taiga, MONSTER, minecraft:pillager, 10, 1, 1
76, repurposed_structures:outpost_desert, HEADING, header:ignore, 0, 0, 0
77, repurposed_structures:outpost_desert, MONSTER, minecraft:pillager, 10, 1, 1
78, repurposed_structures:outpost_badlands, HEADING, header:ignore, 0, 0, 0
79, repurposed_structures:outpost_badlands, MONSTER, minecraft:pillager, 10, 1, 1
80, repurposed_structures:outpost_snowy, HEADING, header:ignore, 0, 0, 0
81, repurposed_structures:outpost_snowy, MONSTER, minecraft:pillager, 10, 1, 1
82, repurposed_structures:outpost_icy, HEADING, header:ignore, 0, 0, 0
83, repurposed_structures:outpost_icy, MONSTER, minecraft:pillager, 10, 1, 1
84, repurposed_structures:outpost_taiga, HEADING, header:ignore, 0, 0, 0
85, repurposed_structures:outpost_taiga, MONSTER, minecraft:pillager, 10, 1, 1
86, repurposed_structures:outpost_oak, HEADING, header:ignore, 0, 0, 0
87, repurposed_structures:outpost_oak, MONSTER, minecraft:pillager, 10, 1, 1
88, repurposed_structures:outpost_nether_brick, HEADING, header:ignore, 0, 0, 0
89, repurposed_structures:outpost_nether_brick, MONSTER, minecraft:piglin, 10, 1, 1
90, repurposed_structures:outpost_warped, HEADING, header:ignore, 0, 0, 0
91, repurposed_structures:outpost_warped, MONSTER, minecraft:piglin, 10, 1, 1
92, repurposed_structures:outpost_crimson, HEADING, header:ignore, 0, 0, 0
93, repurposed_structures:outpost_crimson, MONSTER, minecraft:piglin, 10, 1, 1
94, repurposed_structures:outpost_end, HEADING, header:ignore, 0, 0, 0
95, repurposed_structures:outpost_end, MONSTER, minecraft:phantom, 10, 1, 1
96, repurposed_structures:pyramid_badlands, HEADING, header:ignore, 0, 0, 0
97, repurposed_structures:pyramid_snowy, HEADING, header:ignore, 0, 0, 0
98, repurposed_structures:pyramid_icy, HEADING, header:ignore, 0, 0, 0
99, repurposed_structures:pyramid_jungle, HEADING, header:ignore, 0, 0, 0
100, repurposed_structures:pyramid_mushroom, HEADING, header:ignore, 0, 0, 0
101, repurposed_structures:pyramid_ocean, HEADING, header:ignore, 0, 0, 0
102, repurposed_structures:pyramid_giant_tree_taiga, HEADING, header:ignore, 0, 0, 0
103, repurposed_structures:pyramid_flower_forest, HEADING, header:ignore, 0, 0, 0
104, repurposed_structures:pyramid_nether, HEADING, header:ignore, 0, 0, 0
105, repurposed_structures:pyramid_end, HEADING, header:ignore, 0, 0, 0
106, repurposed_structures:shipwreck_end, HEADING, header:ignore, 0, 0, 0
107, repurposed_structures:shipwreck_nether_bricks, HEADING, header:ignore, 0, 0, 0
108, repurposed_structures:shipwreck_crimson, HEADING, header:ignore, 0, 0, 0
109, repurposed_structures:shipwreck_warped, HEADING, header:ignore, 0, 0, 0
110, repurposed_structures:village_badlands, HEADING, header:ignore, 0, 0, 0
111, repurposed_structures:village_birch, HEADING, header:ignore, 0, 0, 0
112, repurposed_structures:village_dark_oak, HEADING, header:ignore, 0, 0, 0
113, repurposed_structures:village_jungle, HEADING, header:ignore, 0, 0, 0
114, repurposed_structures:village_swamp, HEADING, header:ignore, 0, 0, 0
115, repurposed_structures:village_mountains, HEADING, header:ignore, 0, 0, 0
116, repurposed_structures:village_giant_taiga, HEADING, header:ignore, 0, 0, 0
117, repurposed_structures:village_oak, HEADING, header:ignore, 0, 0, 0
118, repurposed_structures:village_crimson, HEADING, header:ignore, 0, 0, 0
119, repurposed_structures:village_warped, HEADING, header:ignore, 0, 0, 0
120, repurposed_structures:village_mushroom, HEADING, header:ignore, 0, 0, 0
121, repurposed_structures:ruined_portal_end, HEADING, header:ignore, 0, 0, 0
122, repurposed_structures:ruins_nether, HEADING, header:ignore, 0, 0, 0
123, repurposed_structures:ruins_land_warm, HEADING, header:ignore, 0, 0, 0
124, repurposed_structures:ruins_land_hot, HEADING, header:ignore, 0, 0, 0
125, repurposed_structures:city_nether, HEADING, header:ignore, 0, 0, 0
126, repurposed_structures:city_nether, MONSTER, minecraft:blaze, 100, 1, 4
127, repurposed_structures:city_nether, MONSTER, minecraft:wither_skeleton, 10, 2, 3
128, repurposed_structures:mansion_birch, HEADING, header:ignore, 0, 0, 0
129, repurposed_structures:mansion_jungle, HEADING, header:ignore, 0, 0, 0
130, repurposed_structures:mansion_oak, HEADING, header:ignore, 0, 0, 0
131, repurposed_structures:mansion_savanna, HEADING, header:ignore, 0, 0, 0
132, repurposed_structures:mansion_taiga, HEADING, header:ignore, 0, 0, 0
133, repurposed_structures:mansion_desert, HEADING, header:ignore, 0, 0, 0
134, repurposed_structures:mansion_snowy, HEADING, header:ignore, 0, 0, 0
135, repurposed_structures:witch_hut_oak, HEADING, header:ignore, 0, 0, 0
136, repurposed_structures:witch_hut_oak, MONSTER, minecraft:witch, 10, 1, 1
137, repurposed_structures:witch_hut_oak, CREATURE, minecraft:cat, 10, 1, 1
138, repurposed_structures:witch_hut_taiga, HEADING, header:ignore, 0, 0, 0
139, repurposed_structures:witch_hut_taiga, MONSTER, minecraft:witch, 10, 1, 1
140, repurposed_structures:witch_hut_taiga, CREATURE, minecraft:cat, 10, 1, 1
141, repurposed_structures:witch_hut_birch, HEADING, header:ignore, 0, 0, 0
142, repurposed_structures:witch_hut_birch, MONSTER, minecraft:witch, 10, 1, 1
143, repurposed_structures:witch_hut_birch, CREATURE, minecraft:cat, 10, 1, 1
144, repurposed_structures:witch_hut_dark_forest, HEADING, header:ignore, 0, 0, 0
145, repurposed_structures:witch_hut_dark_forest, MONSTER, minecraft:witch, 10, 1, 1
146, repurposed_structures:witch_hut_dark_forest, CREATURE, minecraft:cat, 10, 1, 1
147, repurposed_structures:witch_hut_giant_tree_taiga, HEADING, header:ignore, 0, 0, 0
148, repurposed_structures:witch_hut_giant_tree_taiga, MONSTER, minecraft:witch, 10, 1, 1
149, repurposed_structures:witch_hut_giant_tree_taiga, CREATURE, minecraft:cat, 10, 1, 1
150, repurposed_structures:bastion_underground, HEADING, header:ignore, 0, 0, 0
151, repurposed_structures:bastion_underground, MONSTER, minecraft:skeleton, 10, 1, 4
152, dungeons_plus:tower, HEADING, header:ignore, 0, 0, 0
153, dungeons_plus:bigger_dungeon, HEADING, header:ignore, 0, 0, 0
154, dungeons_plus:leviathan, HEADING, header:ignore, 0, 0, 0
155, dungeons_plus:leviathan, MONSTER, minecraft:husk, 1, 4, 4
156, dungeons_plus:snowy_temple, HEADING, header:ignore, 0, 0, 0
157, dungeons_plus:snowy_temple, MONSTER, minecraft:stray, 1, 2, 4
158, dungeons_plus:end_ruins, HEADING, header:ignore, 0, 0, 0
159, dungeons_plus:warped_garden, HEADING, header:ignore, 0, 0, 0
160, dungeons_plus:soul_prison, HEADING, header:ignore, 0, 0, 0
161, cavesandcliffs:mineshaft, HEADING, header:ignore, 0, 0, 0
162, bettermineshafts:mineshaft, HEADING, header:ignore, 0, 0, 0
163, mowziesmobs:wrought_chamber, HEADING, header:ignore, 0, 0, 0
164, mowziesmobs:barakoa_village, HEADING, header:ignore, 0, 0, 0
165, mowziesmobs:frostmaw_spawn, HEADING, header:ignore, 0, 0, 0
166, graveyard:small_walled_graveyard, HEADING, header:ignore, 0, 0, 0
167, graveyard:small_walled_graveyard_savanna, HEADING, header:ignore, 0, 0, 0
168, graveyard:small_walled_graveyard_desert, HEADING, header:ignore, 0, 0, 0
169, graveyard:small_walled_graveyard_desert, MONSTER, minecraft:pillager, 1, 1, 2
170, graveyard:small_walled_graveyard_desert, MONSTER, minecraft:vindicator, 1, 1, 2
171, graveyard:small_grave, HEADING, header:ignore, 0, 0, 0
172, graveyard:small_desert_grave, HEADING, header:ignore, 0, 0, 0
173, graveyard:small_savanna_grave, HEADING, header:ignore, 0, 0, 0
174, graveyard:small_mountain_grave, HEADING, header:ignore, 0, 0, 0
175, graveyard:mushroom_grave, HEADING, header:ignore, 0, 0, 0
176, graveyard:large_birch_tree, HEADING, header:ignore, 0, 0, 0
177, graveyard:medium_walled_graveyard, HEADING, header:ignore, 0, 0, 0
178, graveyard:medium_walled_graveyard, MONSTER, minecraft:zombie_villager, 1, 1, 4
179, graveyard:medium_walled_graveyard, MONSTER, minecraft:zombie, 1, 2, 4
180, graveyard:large_walled_graveyard, HEADING, header:ignore, 0, 0, 0
181, graveyard:haunted_house, HEADING, header:ignore, 0, 0, 0
182, stoneholm:underground_village, HEADING, header:ignore, 0, 0, 0
183, idas:wizard_tower, HEADING, header:ignore, 0, 0, 0
184, idas:enchantingtower, HEADING, header:ignore, 0, 0, 0
185, idas:abandoned_house, HEADING, header:ignore, 0, 0, 0
186, idas:brick_house, HEADING, header:ignore, 0, 0, 0
187, idas:castle, HEADING, header:ignore, 0, 0, 0
188, idas:labyrinth, HEADING, header:ignore, 0, 0, 0
189, idas:pillager_fortress, HEADING, header:ignore, 0, 0, 0
190, idas:ancient_mines, HEADING, header:ignore, 0, 0, 0
191, idas:tinkers_workshop, HEADING, header:ignore, 0, 0, 0
192, idas:sunken_ship, HEADING, header:ignore, 0, 0, 0
193, idas:sunken_ship_coral, HEADING, header:ignore, 0, 0, 0
194, idas:ancient_statue_jungle, HEADING, header:ignore, 0, 0, 0
195, idas:ancient_statue_plains, HEADING, header:ignore, 0, 0, 0
196, idas:ancient_statue_desert, HEADING, header:ignore, 0, 0, 0
197, idas:desert_market, HEADING, header:ignore, 0, 0, 0
198, idas:desert_market_red, HEADING, header:ignore, 0, 0, 0
199, idas:desert_market_orange, HEADING, header:ignore, 0, 0, 0
200, idas:desert_camp, HEADING, header:ignore, 0, 0, 0
201, idas:desert_camp_red, HEADING, header:ignore, 0, 0, 0
202, idas:desert_camp_orange, HEADING, header:ignore, 0, 0, 0
203, idas:pillager_camp, HEADING, header:ignore, 0, 0, 0
204, idas:washing_camp, HEADING, header:ignore, 0, 0, 0
205, idas:polar_bear_den, HEADING, header:ignore, 0, 0, 0
206, idas:forest_den, HEADING, header:ignore, 0, 0, 0
207, idas:lumber_camp_oak, HEADING, header:ignore, 0, 0, 0
208, idas:lumber_camp_birch, HEADING, header:ignore, 0, 0, 0
209, idas:lumber_camp_spruce, HEADING, header:ignore, 0, 0, 0
210, idas:lumber_camp_dark_oak, HEADING, header:ignore, 0, 0, 0
211, idas:lumber_camp_acacia, HEADING, header:ignore, 0, 0, 0
212, idas:lumber_camp_jungle, HEADING, header:ignore, 0, 0, 0
213, idas:lumber_camp_bopredwood, HEADING, header:ignore, 0, 0, 0
214, idas:lumber_camp_bygredwood, HEADING, header:ignore, 0, 0, 0
215, idas:lumber_camp_bopmahogany, HEADING, header:ignore, 0, 0, 0
216, idas:lumber_camp_bygmahogany, HEADING, header:ignore, 0, 0, 0
217, idas:bazaar, HEADING, header:ignore, 0, 0, 0
218, idas:bearclaw_inn, HEADING, header:ignore, 0, 0, 0
219, idas:hunters_cabin, HEADING, header:ignore, 0, 0, 0
220, idas:farmhouse, HEADING, header:ignore, 0, 0, 0
221, idas:hermits_hollow, HEADING, header:ignore, 0, 0, 0
222, idas:witches_treestump, HEADING, header:ignore, 0, 0, 0
223, idas:redhorn_guild, HEADING, header:ignore, 0, 0, 0
224, idas:apothecary_abode, HEADING, header:ignore, 0, 0, 0
225, idas:beekeepers_house, HEADING, header:ignore, 0, 0, 0
226, idas:treetop_tavern, HEADING, header:ignore, 0, 0, 0
227, idas:labyrinth_iceandfire, HEADING, header:ignore, 0, 0, 0
228, idas:dread_citadel, HEADING, header:ignore, 0, 0, 0
229, mythicbotany:andwari_cave, HEADING, header:ignore, 0, 0, 0
230, dungeons_arise:monastery, HEADING, header:ignore, 0, 0, 0
231, dungeons_arise:illager_campsite, HEADING, header:ignore, 0, 0, 0
232, dungeons_arise:illager_castle, HEADING, header:ignore, 0, 0, 0
233, dungeons_arise:illager_castle, MONSTER, minecraft:pillager, 100, 4, 9
234, dungeons_arise:illager_castle, MONSTER, minecraft:vindicator, 100, 4, 9
235, dungeons_arise:illager_castle, CREATURE, minecraft:sheep, 30, 10, 15
236, dungeons_arise:illager_castle, CREATURE, minecraft:rabbit, 100, 1, 2
237, dungeons_arise:abandoned_temple, HEADING, header:ignore, 0, 0, 0
238, dungeons_arise:lighthouse, HEADING, header:ignore, 0, 0, 0
239, dungeons_arise:mushroom_village, HEADING, header:ignore, 0, 0, 0
240, dungeons_arise:illager_hall, HEADING, header:ignore, 0, 0, 0
241, dungeons_arise:small_prairie_house, HEADING, header:ignore, 0, 0, 0
242, dungeons_arise:fishing_hut, HEADING, header:ignore, 0, 0, 0
243, dungeons_arise:mushroom_mines, HEADING, header:ignore, 0, 0, 0
244, dungeons_arise:coliseum, HEADING, header:ignore, 0, 0, 0
245, dungeons_arise:merchant_campsite, HEADING, header:ignore, 0, 0, 0
246, dungeons_arise:wishing_well, HEADING, header:ignore, 0, 0, 0
247, dungeons_arise:illager_fort, HEADING, header:ignore, 0, 0, 0
248, dungeons_arise:infested_temple, HEADING, header:ignore, 0, 0, 0
249, dungeons_arise:heavenly_rider, HEADING, header:ignore, 0, 0, 0
250, dungeons_arise:mining_system, HEADING, header:ignore, 0, 0, 0
251, dungeons_arise:heavenly_conqueror, HEADING, header:ignore, 0, 0, 0
252, dungeons_arise:scorched_mines, HEADING, header:ignore, 0, 0, 0
253, dungeons_arise:undead_pirate_ship, HEADING, header:ignore, 0, 0, 0
254, dungeons_arise:foundry, HEADING, header:ignore, 0, 0, 0
255, dungeons_arise:small_blimp, HEADING, header:ignore, 0, 0, 0
256, dungeons_arise:bandit_village, HEADING, header:ignore, 0, 0, 0
257, dungeons_arise:typhon, HEADING, header:ignore, 0, 0, 0
258, dungeons_arise:ceryneian_hind, HEADING, header:ignore, 0, 0, 0
259, dungeons_arise:heavenly_challenger, HEADING, header:ignore, 0, 0, 0
260, dungeons_arise:illager_corsair, HEADING, header:ignore, 0, 0, 0
261, dungeons_arise:illager_galley, HEADING, header:ignore, 0, 0, 0
262, dungeons_arise:mushroom_house, HEADING, header:ignore, 0, 0, 0
263, dungeons_arise:giant_mushroom, HEADING, header:ignore, 0, 0, 0
264, dungeons_arise:shiraz_palace, HEADING, header:ignore, 0, 0, 0
265, dungeons_arise:plague_asylum, HEADING, header:ignore, 0, 0, 0
266, dungeons_arise:bandit_towers, HEADING, header:ignore, 0, 0, 0
267, dungeons_arise:thornborn_towers, HEADING, header:ignore, 0, 0, 0
268, dungeons_arise:jungle_tree_house, HEADING, header:ignore, 0, 0, 0
269, dungeons_arise:aviary, HEADING, header:ignore, 0, 0, 0
270, dungeons_arise:aviary, MONSTER, minecraft:phantom, 100, 4, 9
271, dungeons_arise:illager_windmill, HEADING, header:ignore, 0, 0, 0
272, pandoras_creatures:end_prison, HEADING, header:ignore, 0, 0, 0
273, cobbler:shulker_factory, HEADING, header:ignore, 0, 0, 0
274, aquamirae:ice_maze, HEADING, header:ignore, 0, 0, 0
275, aquamirae:ice_maze, MONSTER, aquamirae:maw, 100, 1, 4
276, aquamirae:ice_maze, MONSTER, aquamirae:tortured_soul, 5, 1, 4
277, aquamirae:ice_maze, MONSTER, aquamirae:golden_moth, 1, 1, 2
278, aquamirae:ship, HEADING, header:ignore, 0, 0, 0
279, aquamirae:ship, MONSTER, minecraft:pillager, 100, 1, 4
280, aquamirae:ship, MONSTER, minecraft:vindicator, 100, 1, 2
281, aquamirae:outpost, HEADING, header:ignore, 0, 0, 0
282, aquamirae:outpost, MONSTER, minecraft:pillager, 100, 1, 4
283, aquamirae:outpost, MONSTER, minecraft:vindicator, 100, 1, 2
284, aquamirae:shelter, HEADING, header:ignore, 0, 0, 0
285, skyvillages:skyvillage, HEADING, header:ignore, 0, 0, 0
286, blue_skies:everbright_dungeon, HEADING, header:ignore, 0, 0, 0
287, blue_skies:everbright_blinding_dungeon, HEADING, header:ignore, 0, 0, 0
288, blue_skies:everdawn_blinding_dungeon, HEADING, header:ignore, 0, 0, 0
289, blue_skies:nature_dungeon, HEADING, header:ignore, 0, 0, 0
290, blue_skies:nature_dungeon, MONSTER, blue_skies:stonelet, 2, 1, 1
291, blue_skies:nature_dungeon, MONSTER, blue_skies:spewter, 2, 1, 1
292, blue_skies:poison_dungeon, HEADING, header:ignore, 0, 0, 0
293, blue_skies:poison_dungeon, MONSTER, minecraft:cave_spider, 1, 1, 1
294, blue_skies:poison_dungeon, MONSTER, blue_skies:venom_spider, 3, 1, 1
295, blue_skies:gatekeeper_house, HEADING, header:ignore, 0, 0, 0
296, blue_skies:village, HEADING, header:ignore, 0, 0, 0
297, iceandfire:mausoleum, HEADING, header:ignore, 0, 0, 0
298, iceandfire:gorgon_temple, HEADING, header:ignore, 0, 0, 0
299, iceandfire:graveyard, HEADING, header:ignore, 0, 0, 0
300, takesapillage:bastille, HEADING, header:ignore, 0, 0, 0
301, takesapillage:pillager_camp, HEADING, header:ignore, 0, 0, 0
302, bygonenether:catacomb, HEADING, header:ignore, 0, 0, 0
303, bygonenether:catacomb, MONSTER, minecraft:magma_cube, 2, 1, 1
304, bygonenether:citadel, HEADING, header:ignore, 0, 0, 0
305, bygonenether:citadel, MONSTER, bygonenether:warped_enderman, 1, 1, 1
306, bygonenether:citadel, MONSTER, minecraft:enderman, 1, 1, 1
307, bygonenether:piglin_manor, HEADING, header:ignore, 0, 0, 0
308, bygonenether:piglin_manor, MONSTER, minecraft:piglin, 2, 1, 1
309, bygonenether:piglin_manor, MONSTER, bygonenether:piglin_hunter, 1, 1, 1
310, twilightforest:hedgemaze, HEADING, header:ignore, 0, 0, 0
311, twilightforest:hedgemaze, CREATURE, minecraft:bat, 10, 8, 8
312, twilightforest:questgrove, HEADING, header:ignore, 0, 0, 0
313, twilightforest:questgrove, CREATURE, minecraft:bat, 10, 8, 8
314, twilightforest:mushroomtower, HEADING, header:ignore, 0, 0, 0
315, twilightforest:mushroomtower, CREATURE, minecraft:bat, 10, 8, 8
316, twilightforest:hollowhillsmall, HEADING, header:ignore, 0, 0, 0
317, twilightforest:hollowhillsmall, MONSTER, minecraft:spider, 10, 4, 4
318, twilightforest:hollowhillsmall, MONSTER, minecraft:zombie, 10, 4, 4
319, twilightforest:hollowhillsmall, MONSTER, twilightforest:redcap, 10, 4, 4
320, twilightforest:hollowhillsmall, MONSTER, twilightforest:swarm_spider, 10, 4, 4
321, twilightforest:hollowhillsmall, MONSTER, twilightforest:kobold, 10, 4, 8
322, twilightforest:hollowhillsmall, CREATURE, minecraft:bat, 10, 8, 8
323, twilightforest:hollowhillmedium, HEADING, header:ignore, 0, 0, 0
324, twilightforest:hollowhillmedium, MONSTER, twilightforest:redcap, 10, 4, 4
325, twilightforest:hollowhillmedium, MONSTER, twilightforest:redcap_sapper, 1, 1, 4
326, twilightforest:hollowhillmedium, MONSTER, twilightforest:kobold, 10, 4, 8
327, twilightforest:hollowhillmedium, MONSTER, minecraft:skeleton, 10, 4, 4
328, twilightforest:hollowhillmedium, MONSTER, twilightforest:swarm_spider, 10, 4, 4
329, twilightforest:hollowhillmedium, MONSTER, minecraft:spider, 10, 4, 4
330, twilightforest:hollowhillmedium, MONSTER, minecraft:creeper, 10, 4, 4
331, twilightforest:hollowhillmedium, MONSTER, twilightforest:fire_beetle, 5, 4, 4
332, twilightforest:hollowhillmedium, MONSTER, twilightforest:slime_beetle, 5, 4, 4
333, twilightforest:hollowhillmedium, MONSTER, minecraft:witch, 1, 1, 1
334, twilightforest:hollowhillmedium, CREATURE, minecraft:bat, 10, 8, 8
335, twilightforest:hollowhilllarge, HEADING, header:ignore, 0, 0, 0
336, twilightforest:hollowhilllarge, MONSTER, twilightforest:redcap, 10, 4, 4
337, twilightforest:hollowhilllarge, MONSTER, twilightforest:redcap_sapper, 2, 1, 4
338, twilightforest:hollowhilllarge, MONSTER, minecraft:skeleton, 10, 4, 4
339, twilightforest:hollowhilllarge, MONSTER, minecraft:cave_spider, 10, 4, 4
340, twilightforest:hollowhilllarge, MONSTER, minecraft:creeper, 10, 4, 4
341, twilightforest:hollowhilllarge, MONSTER, minecraft:enderman, 1, 1, 4
342, twilightforest:hollowhilllarge, MONSTER, twilightforest:wraith, 2, 1, 4
343, twilightforest:hollowhilllarge, MONSTER, twilightforest:fire_beetle, 10, 4, 4
344, twilightforest:hollowhilllarge, MONSTER, twilightforest:slime_beetle, 10, 4, 4
345, twilightforest:hollowhilllarge, MONSTER, twilightforest:pinch_beetle, 10, 2, 4
346, twilightforest:hollowhilllarge, MONSTER, minecraft:witch, 1, 1, 1
347, twilightforest:hollowhilllarge, CREATURE, minecraft:bat, 10, 8, 8
348, twilightforest:courtyard, HEADING, header:ignore, 0, 0, 0
349, twilightforest:courtyard, CREATURE, minecraft:bat, 10, 8, 8
350, twilightforest:lichtower, HEADING, header:ignore, 0, 0, 0
351, twilightforest:lichtower, MONSTER, minecraft:zombie, 10, 4, 4
352, twilightforest:lichtower, MONSTER, minecraft:skeleton, 10, 4, 4
353, twilightforest:lichtower, MONSTER, minecraft:creeper, 1, 4, 4
354, twilightforest:lichtower, MONSTER, minecraft:enderman, 1, 1, 4
355, twilightforest:lichtower, MONSTER, twilightforest:death_tome, 10, 4, 4
356, twilightforest:lichtower, MONSTER, minecraft:witch, 1, 1, 1
357, twilightforest:lichtower, CREATURE, minecraft:bat, 10, 8, 8
358, twilightforest:labyrinth, HEADING, header:ignore, 0, 0, 0
359, twilightforest:labyrinth, MONSTER, twilightforest:minotaur, 20, 2, 4
360, twilightforest:labyrinth, MONSTER, minecraft:cave_spider, 10, 4, 4
361, twilightforest:labyrinth, MONSTER, minecraft:creeper, 10, 4, 4
362, twilightforest:labyrinth, MONSTER, twilightforest:maze_slime, 10, 4, 4
363, twilightforest:labyrinth, MONSTER, minecraft:enderman, 1, 1, 4
364, twilightforest:labyrinth, MONSTER, twilightforest:fire_beetle, 10, 4, 4
365, twilightforest:labyrinth, MONSTER, twilightforest:slime_beetle, 10, 4, 4
366, twilightforest:labyrinth, MONSTER, twilightforest:pinch_beetle, 10, 2, 4
367, twilightforest:labyrinth, CREATURE, minecraft:bat, 10, 8, 8
368, twilightforest:hydralair, HEADING, header:ignore, 0, 0, 0
369, twilightforest:knightstronghold, HEADING, header:ignore, 0, 0, 0
370, twilightforest:knightstronghold, MONSTER, twilightforest:blockchain_goblin, 10, 4, 4
371, twilightforest:knightstronghold, MONSTER, twilightforest:goblin_knight_lower, 5, 1, 2
372, twilightforest:knightstronghold, MONSTER, twilightforest:helmet_crab, 10, 4, 4
373, twilightforest:knightstronghold, MONSTER, twilightforest:slime_beetle, 10, 4, 4
374, twilightforest:knightstronghold, MONSTER, twilightforest:redcap_sapper, 2, 1, 4
375, twilightforest:knightstronghold, MONSTER, twilightforest:kobold, 10, 4, 8
376, twilightforest:knightstronghold, MONSTER, minecraft:creeper, 10, 4, 4
377, twilightforest:knightstronghold, MONSTER, minecraft:slime, 5, 4, 4
378, twilightforest:knightstronghold, CREATURE, minecraft:bat, 10, 8, 8
379, twilightforest:darktower, HEADING, header:ignore, 0, 0, 0
380, twilightforest:darktower, MONSTER, twilightforest:tower_golem, 10, 4, 4
381, twilightforest:darktower, MONSTER, minecraft:skeleton, 10, 4, 4
382, twilightforest:darktower, MONSTER, minecraft:creeper, 10, 4, 4
383, twilightforest:darktower, MONSTER, minecraft:enderman, 2, 1, 4
384, twilightforest:darktower, MONSTER, minecraft:witch, 1, 1, 1
385, twilightforest:darktower, MONSTER, twilightforest:mini_ghast, 10, 1, 4
386, twilightforest:darktower, MONSTER, twilightforest:tower_broodling, 10, 8, 8
387, twilightforest:darktower, MONSTER, twilightforest:pinch_beetle, 10, 2, 4
388, twilightforest:darktower, MONSTER, twilightforest:tower_ghast, 10, 1, 4
389, twilightforest:darktower, CREATURE, minecraft:bat, 10, 8, 8
390, twilightforest:darktower, CREATURE, minecraft:squid, 10, 4, 4
391, twilightforest:yeticave, HEADING, header:ignore, 0, 0, 0
392, twilightforest:yeticave, MONSTER, twilightforest:yeti, 10, 4, 4
393, twilightforest:yeticave, CREATURE, minecraft:bat, 10, 8, 8
394, twilightforest:aurorapalace, HEADING, header:ignore, 0, 0, 0
395, twilightforest:aurorapalace, MONSTER, twilightforest:snow_guardian, 10, 4, 4
396, twilightforest:aurorapalace, MONSTER, twilightforest:stable_ice_core, 10, 4, 4
397, twilightforest:aurorapalace, MONSTER, twilightforest:unstable_ice_core, 5, 4, 4
398, twilightforest:aurorapalace, CREATURE, minecraft:bat, 10, 8, 8
399, twilightforest:trollcave, HEADING, header:ignore, 0, 0, 0
400, twilightforest:trollcave, MONSTER, minecraft:creeper, 5, 4, 4
401, twilightforest:trollcave, MONSTER, minecraft:skeleton, 10, 4, 4
402, twilightforest:trollcave, MONSTER, twilightforest:troll, 20, 4, 4
403, twilightforest:trollcave, MONSTER, minecraft:witch, 5, 1, 1
404, twilightforest:trollcave, MONSTER, twilightforest:giant_miner, 10, 1, 1
405, twilightforest:trollcave, MONSTER, twilightforest:armored_giant, 10, 1, 1
406, twilightforest:trollcave, CREATURE, minecraft:bat, 10, 8, 8
407, twilightforest:finalcastle, HEADING, header:ignore, 0, 0, 0
408, twilightforest:finalcastle, MONSTER, twilightforest:kobold, 10, 4, 4
409, twilightforest:finalcastle, MONSTER, twilightforest:adherent, 10, 1, 1
410, twilightforest:finalcastle, MONSTER, twilightforest:harbinger_cube, 10, 1, 1
411, twilightforest:finalcastle, MONSTER, minecraft:enderman, 10, 1, 1
412, twilightforest:finalcastle, MONSTER, twilightforest:kobold, 10, 4, 4
413, twilightforest:finalcastle, MONSTER, twilightforest:adherent, 10, 1, 1
414, twilightforest:finalcastle, MONSTER, twilightforest:harbinger_cube, 10, 1, 1
415, twilightforest:finalcastle, MONSTER, twilightforest:armored_giant, 10, 1, 1
416, twilightforest:finalcastle, MONSTER, twilightforest:adherent, 10, 1, 1
417, twilightforest:finalcastle, MONSTER, minecraft:blaze, 10, 1, 1
418, twilightforest:finalcastle, CREATURE, minecraft:bat, 10, 8, 8
419, dungeons_enhanced:castle, HEADING, header:ignore, 0, 0, 0
420, dungeons_enhanced:desert_temple, HEADING, header:ignore, 0, 0, 0
421, dungeons_enhanced:desert_tomb, HEADING, header:ignore, 0, 0, 0
422, dungeons_enhanced:druid_circle, HEADING, header:ignore, 0, 0, 0
423, dungeons_enhanced:dungeon_variant, HEADING, header:ignore, 0, 0, 0
424, dungeons_enhanced:elders_temple, HEADING, header:ignore, 0, 0, 0
425, dungeons_enhanced:elders_temple, MONSTER, minecraft:guardian, 2, 2, 4
426, dungeons_enhanced:fishing_ship, HEADING, header:ignore, 0, 0, 0
427, dungeons_enhanced:flying_dutchman, HEADING, header:ignore, 0, 0, 0
428, dungeons_enhanced:hay_storage, HEADING, header:ignore, 0, 0, 0
429, dungeons_enhanced:ice_pit, HEADING, header:ignore, 0, 0, 0
430, dungeons_enhanced:jungle_monument, HEADING, header:ignore, 0, 0, 0
431, dungeons_enhanced:large_dungeon, HEADING, header:ignore, 0, 0, 0
432, dungeons_enhanced:miners_house, HEADING, header:ignore, 0, 0, 0
433, dungeons_enhanced:monster_maze, HEADING, header:ignore, 0, 0, 0
434, dungeons_enhanced:mushroom_house, HEADING, header:ignore, 0, 0, 0
435, dungeons_enhanced:pillager_camp, HEADING, header:ignore, 0, 0, 0
436, dungeons_enhanced:pillager_camp, MONSTER, minecraft:pillager, 4, 1, 3
437, dungeons_enhanced:pillager_camp, MONSTER, minecraft:vindicator, 2, 1, 1
438, dungeons_enhanced:pirate_ship, HEADING, header:ignore, 0, 0, 0
439, dungeons_enhanced:pirate_ship, MONSTER, minecraft:pillager, 5, 2, 4
440, dungeons_enhanced:pirate_ship, MONSTER, minecraft:vindicator, 3, 1, 2
441, dungeons_enhanced:ruined_building, HEADING, header:ignore, 0, 0, 0
442, dungeons_enhanced:stables, HEADING, header:ignore, 0, 0, 0
443, dungeons_enhanced:sunken_shrine, HEADING, header:ignore, 0, 0, 0
444, dungeons_enhanced:tall_witch_hut, HEADING, header:ignore, 0, 0, 0
445, dungeons_enhanced:tree_house, HEADING, header:ignore, 0, 0, 0
446, dungeons_enhanced:tower_of_the_undead, HEADING, header:ignore, 0, 0, 0
447, dungeons_enhanced:watch_tower, HEADING, header:ignore, 0, 0, 0
448, dungeons_enhanced:witch_tower, HEADING, header:ignore, 0, 0, 0
449, cataclysm:soul_black_smith, HEADING, header:ignore, 0, 0, 0
450, cataclysm:ruined_citadel, HEADING, header:ignore, 0, 0, 0
451, cataclysm:ruined_citadel, MONSTER, cataclysm:endermaptera, 3, 1, 1
452, cataclysm:burning_arena, HEADING, header:ignore, 0, 0, 0
453, betterstrongholds:stronghold, HEADING, header:ignore, 0, 0, 0
454, shrines:abandoned_witch_house, HEADING, header:ignore, 0, 0, 0
455, shrines:balloon, HEADING, header:ignore, 0, 0, 0
456, shrines:bees, HEADING, header:ignore, 0, 0, 0
457, shrines:end_temple, HEADING, header:ignore, 0, 0, 0
458, shrines:flooded_temple, HEADING, header:ignore, 0, 0, 0
459, shrines:guardian_meeting, HEADING, header:ignore, 0, 0, 0
460, shrines:harbour, HEADING, header:ignore, 0, 0, 0
461, shrines:high_temple, HEADING, header:ignore, 0, 0, 0
462, shrines:infested_prison, HEADING, header:ignore, 0, 0, 0
463, shrines:jungle_tower, HEADING, header:ignore, 0, 0, 0
464, shrines:mineral_temple, HEADING, header:ignore, 0, 0, 0
465, shrines:nether_pyramid, HEADING, header:ignore, 0, 0, 0
466, shrines:nether_shrine, HEADING, header:ignore, 0, 0, 0
467, shrines:oriental_sanctuary, HEADING, header:ignore, 0, 0, 0
468, shrines:player_house, HEADING, header:ignore, 0, 0, 0
469, shrines:shrine_of_savanna, HEADING, header:ignore, 0, 0, 0
470, shrines:small_temple, HEADING, header:ignore, 0, 0, 0
471, shrines:trader_house, HEADING, header:ignore, 0, 0, 0
472, shrines:watchtower, HEADING, header:ignore, 0, 0, 0
473, shrines:water_shrine, HEADING, header:ignore, 0, 0, 0
474, appliedenergistics2:meteorite, HEADING, header:ignore, 0, 0, 0
475, chaosawakens:acacia_ent_tree, HEADING, header:ignore, 0, 0, 0
476, chaosawakens:birch_ent_tree, HEADING, header:ignore, 0, 0, 0
477, chaosawakens:crimson_ent_tree, HEADING, header:ignore, 0, 0, 0
478, chaosawakens:dark_oak_ent_tree, HEADING, header:ignore, 0, 0, 0
479, chaosawakens:jungle_ent_tree, HEADING, header:ignore, 0, 0, 0
480, chaosawakens:oak_ent_tree, HEADING, header:ignore, 0, 0, 0
481, chaosawakens:spruce_ent_tree, HEADING, header:ignore, 0, 0, 0
482, chaosawakens:warped_ent_tree, HEADING, header:ignore, 0, 0, 0
483, chaosawakens:ginkgo_ent_tree, HEADING, header:ignore, 0, 0, 0
484, chaosawakens:jeffery_dungeon_placeholder, HEADING, header:ignore, 0, 0, 0
485, chaosawakens:wasp_nest, HEADING, header:ignore, 0, 0, 0
486, outer_end:end_tower, HEADING, header:ignore, 0, 0, 0
487, outer_end:catacombs, HEADING, header:ignore, 0, 0, 0
488, outer_end:catacombs, MONSTER, outer_end:entombed, 25, 1, 1
489, dungeoncrawl:dungeon, HEADING, header:ignore, 0, 0, 0
490, inventorypets:sky_dungeon, HEADING, header:ignore, 0, 0, 0
491, inventorypets:space_dungeon, HEADING, header:ignore, 0, 0, 0
492, inventorypets:nether_dungeon, HEADING, header:ignore, 0, 0, 0
493, inventorypets:underground_dungeon, HEADING, header:ignore, 0, 0, 0
494, inventorypets:tree_top, HEADING, header:ignore, 0, 0, 0
495, inventorypets:sea_cave, HEADING, header:ignore, 0, 0, 0
496, tardis:dalek_ship, HEADING, header:ignore, 0, 0, 0
497, tardis:crashed_structure, HEADING, header:ignore, 0, 0, 0
498, tardis:space_station_drone, HEADING, header:ignore, 0, 0, 0
499, tardis:abandoned_spaceship, HEADING, header:ignore, 0, 0, 0
500, tardis:moon_lander, HEADING, header:ignore, 0, 0, 0
501, tconstruct:earth_slime_island, HEADING, header:ignore, 0, 0, 0
502, tconstruct:earth_slime_island, MONSTER, tconstruct:earth_slime, 30, 4, 4
503, tconstruct:overworld_slime_island, HEADING, header:ignore, 0, 0, 0
504, tconstruct:overworld_slime_island, MONSTER, tconstruct:sky_slime, 30, 4, 4
505, tconstruct:clay_island, HEADING, header:ignore, 0, 0, 0
506, tconstruct:clay_island, MONSTER, tconstruct:terracube, 30, 4, 4
507, tconstruct:nether_slime_island, HEADING, header:ignore, 0, 0, 0
508, tconstruct:nether_slime_island, MONSTER, minecraft:magma_cube, 100, 4, 6
509, tconstruct:end_slime_island, HEADING, header:ignore, 0, 0, 0
510, tconstruct:end_slime_island, MONSTER, tconstruct:ender_slime, 30, 4, 4
511, ba_bt:land_battle_tower, HEADING, header:ignore, 0, 0, 0
512, atmospheric:arid_shrine, HEADING, header:ignore, 0, 0, 0
513, quark:big_dungeon, HEADING, header:ignore, 0, 0, 0
514, valhelsia_structures:castle, HEADING, header:ignore, 0, 0, 0
515, valhelsia_structures:castle_ruin, HEADING, header:ignore, 0, 0, 0
516, valhelsia_structures:desert_house, HEADING, header:ignore, 0, 0, 0
517, valhelsia_structures:forge, HEADING, header:ignore, 0, 0, 0
518, valhelsia_structures:player_house, HEADING, header:ignore, 0, 0, 0
519, valhelsia_structures:spawner_dungeon, HEADING, header:ignore, 0, 0, 0
520, valhelsia_structures:tower_ruin, HEADING, header:ignore, 0, 0, 0
521, valhelsia_structures:witch_hut, HEADING, header:ignore, 0, 0, 0
522, valhelsia_structures:witch_hut, MONSTER, minecraft:witch, 100, 1, 1
523, valhelsia_structures:witch_hut, CREATURE, minecraft:cat, 100, 1, 1
524, valhelsia_structures:big_tree, HEADING, header:ignore, 0, 0, 0
525, forbidden_arcanus:nipa, HEADING, header:ignore, 0, 0, 0
